
NIKET@Niket MINGW64 /d/CS 537
$ git clone https://github.com/cs537-Fall-2015/ChemCam.git
Cloning into 'ChemCam'...
remote: Counting objects: 223, done.
remote: Compressing objects: 100% (60/60), done.
remote: Total 223 (delta 9), reused 0Receiv (delta 0), pack-reused 157
Receiving objects: 100% (223/223), 294.71 KiB | 0 bytes/s, done.
Resolving deltas: 100% (68/68), done.
Checking connectivity... done.

NIKET@Niket MINGW64 /d/CS 537
$ ls
ChemCam/  CS537 - Bhaumik/

NIKET@Niket MINGW64 /d/CS 537
$ cd C
ChemCam/         CS537 - Bhaumik/

NIKET@Niket MINGW64 /d/CS 537
$ cd ChemCam/

NIKET@Niket MINGW64 /d/CS 537/ChemCam (master)
$ get status
bash: get: command not found

NIKET@Niket MINGW64 /d/CS 537/ChemCam (master)
$ git status
On branch master
Your branch is up-to-date with 'origin/master'.
nothing to commit, working directory clean

NIKET@Niket MINGW64 /d/CS 537/ChemCam (master)
$ git checkout -b Branch_simulator_Chemcam
Switched to a new branch 'Branch_simulator_Chemcam'

NIKET@Niket MINGW64 /d/CS 537/ChemCam (Branch_simulator_Chemcam)
$ git push -u origin Branch_simulator_Chemcam
Total 0 (delta 0), reused 0 (delta 0)
To https://github.com/cs537-Fall-2015/ChemCam.git
 * [new branch]      Branch_simulator_Chemcam -> Branch_simulator_Chemcam
Branch Branch_simulator_Chemcam set up to track remote branch Branch_simulator_Chemcam from origin.

NIKET@Niket MINGW64 /d/CS 537/ChemCam (Branch_simulator_Chemcam)
$ git status
On branch Branch_simulator_Chemcam
Your branch is up-to-date with 'origin/Branch_simulator_Chemcam'.
Untracked files:
  (use "git add <file>..." to include in what will be committed)

        ChemCamSimulator/Hello.txt

nothing added to commit but untracked files present (use "git add" to track)

NIKET@Niket MINGW64 /d/CS 537/ChemCam (Branch_simulator_Chemcam)
$ git add .

NIKET@Niket MINGW64 /d/CS 537/ChemCam (Branch_simulator_Chemcam)
$ git status
On branch Branch_simulator_Chemcam
Your branch is up-to-date with 'origin/Branch_simulator_Chemcam'.
Changes to be committed:
  (use "git reset HEAD <file>..." to unstage)

        new file:   ChemCamSimulator/Hello.txt


NIKET@Niket MINGW64 /d/CS 537/ChemCam (Branch_simulator_Chemcam)
$ git commit -m "For Demo filling merger"

*** Please tell me who you are.

Run

  git config --global user.email "you@example.com"
  git config --global user.name "Your Name"

to set your account's default identity.
Omit --global to set the identity only in this repository.

fatal: unable to auto-detect email address (got 'NIKET@Niket.(none)')

NIKET@Niket MINGW64 /d/CS 537/ChemCam (Branch_simulator_Chemcam)
$ git push origin Branch_simulator_Chemcam
Everything up-to-date

NIKET@Niket MINGW64 /d/CS 537/ChemCam (Branch_simulator_Chemcam)
$ git push origin Branch_simulator_Chemcam
Everything up-to-date

NIKET@Niket MINGW64 /d/CS 537/ChemCam (Branch_simulator_Chemcam)
$ git add .

NIKET@Niket MINGW64 /d/CS 537/ChemCam (Branch_simulator_Chemcam)
$ git add Hello.txt
fatal: pathspec 'Hello.txt' did not match any files

NIKET@Niket MINGW64 /d/CS 537/ChemCam (Branch_simulator_Chemcam)
$ git add
.git/             ChemCamSimulator/

NIKET@Niket MINGW64 /d/CS 537/ChemCam (Branch_simulator_Chemcam)
$ git add
.git/             ChemCamSimulator/

NIKET@Niket MINGW64 /d/CS 537/ChemCam (Branch_simulator_Chemcam)
$ git add
.git/             ChemCamSimulator/

NIKET@Niket MINGW64 /d/CS 537/ChemCam (Branch_simulator_Chemcam)
$ git add ChemCamSimulator/
build/      dist/       libs/       README.txt
build.xml   Hello.txt   nbproject/  src/

NIKET@Niket MINGW64 /d/CS 537/ChemCam (Branch_simulator_Chemcam)
$ git add ChemCamSimulator/
build/      dist/       libs/       README.txt
build.xml   Hello.txt   nbproject/  src/

NIKET@Niket MINGW64 /d/CS 537/ChemCam (Branch_simulator_Chemcam)
$ git add ChemCamSimulator/Hello.txt

NIKET@Niket MINGW64 /d/CS 537/ChemCam (Branch_simulator_Chemcam)
$ git push origin Branch_simulator_Chemcam
error: unable to read askpass response from 'C:/Program Files/Git/mingw64/libexec/git-core/git-gui--askpass'
Username for 'https://github.com':
NIKET@Niket MINGW64 /d/CS 537/ChemCam (Branch_simulator_Chemcam)
$ git commit -m "For Demo filling merger"

*** Please tell me who you are.

Run

  git config --global user.email "you@example.com"
  git config --global user.name "Your Name"

to set your account's default identity.
Omit --global to set the identity only in this repository.

fatal: unable to auto-detect email address (got 'NIKET@Niket.(none)')

NIKET@Niket MINGW64 /d/CS 537/ChemCam (Branch_simulator_Chemcam)
$ git commit -m "For Demo filling merger"

*** Please tell me who you are.

Run

  git config --global user.email "you@example.com"
  git config --global user.name "Your Name"

to set your account's default identity.
Omit --global to set the identity only in this repository.

fatal: unable to auto-detect email address (got 'NIKET@Niket.(none)')

NIKET@Niket MINGW64 /d/CS 537/ChemCam (Branch_simulator_Chemcam)
$ git user.email "niket.gosrani@gmail.com"
git: 'user.email' is not a git command. See 'git --help'.

NIKET@Niket MINGW64 /d/CS 537/ChemCam (Branch_simulator_Chemcam)
$ git user.email niket.gosrani@gmail.com
git: 'user.email' is not a git command. See 'git --help'.

NIKET@Niket MINGW64 /d/CS 537/ChemCam (Branch_simulator_Chemcam)
$ git config --global user.email niket.gosrani@gmail.com

NIKET@Niket MINGW64 /d/CS 537/ChemCam (Branch_simulator_Chemcam)
$ git config --global user.name niket

NIKET@Niket MINGW64 /d/CS 537/ChemCam (Branch_simulator_Chemcam)
$ git commit -m "For Demo filling merger"
[Branch_simulator_Chemcam 4aa60c1] For Demo filling merger
 1 file changed, 1 insertion(+)
 create mode 100644 ChemCamSimulator/Hello.txt

NIKET@Niket MINGW64 /d/CS 537/ChemCam (Branch_simulator_Chemcam)
$ git push origin Branch_simulator_Chemcam
Counting objects: 4, done.
Delta compression using up to 4 threads.
Compressing objects: 100% (2/2), done.
Writing objects: 100% (4/4), 333 bytes | 0 bytes/s, done.
Total 4 (delta 1), reused 0 (delta 0)
To https://github.com/cs537-Fall-2015/ChemCam.git
   3fabed5..4aa60c1  Branch_simulator_Chemcam -> Branch_simulator_Chemcam

NIKET@Niket MINGW64 /d/CS 537/ChemCam (Branch_simulator_Chemcam)
$ ^C

NIKET@Niket MINGW64 /d/CS 537/ChemCam (Branch_simulator_Chemcam)
$
